============================= test session starts =============================
platform win32 -- Python 3.12.4, pytest-8.4.2, pluggy-1.6.0 -- C:\Projetos\arcca\Fidelity\venv\Scripts\python.exe
cachedir: .pytest_cache
rootdir: C:\Projetos\arcca\Fidelity
configfile: pytest.ini
testpaths: tests
plugins: anyio-3.7.1
collecting ... collected 171 items

tests/test_auth.py::TestRegisterEndpoint::test_register_new_user_success PASSED [  0%]
tests/test_auth.py::TestRegisterEndpoint::test_register_duplicate_email PASSED [  1%]
tests/test_auth.py::TestRegisterEndpoint::test_register_duplicate_cpf PASSED [  1%]
tests/test_auth.py::TestRegisterEndpoint::test_register_password_hashing PASSED [  2%]
tests/test_auth.py::TestLoginEndpoint::test_login_success PASSED         [  2%]
tests/test_auth.py::TestLoginEndpoint::test_login_invalid_email PASSED   [  3%]
tests/test_auth.py::TestLoginEndpoint::test_login_invalid_password PASSED [  4%]
tests/test_auth.py::TestLoginEndpoint::test_login_creates_refresh_token PASSED [  4%]
tests/test_auth.py::TestOAuth2LoginEndpoint::test_oauth2_login_success PASSED [  5%]
tests/test_auth.py::TestOAuth2LoginEndpoint::test_oauth2_login_invalid_credentials PASSED [  5%]
tests/test_auth.py::TestRefreshTokenEndpoint::test_refresh_token_success PASSED [  6%]
tests/test_auth.py::TestRefreshTokenEndpoint::test_refresh_token_invalid PASSED [  7%]
tests/test_auth.py::TestRefreshTokenEndpoint::test_refresh_token_expired PASSED [  7%]
tests/test_auth.py::TestLogoutEndpoint::test_logout_success PASSED       [  8%]
tests/test_auth.py::TestLogoutEndpoint::test_logout_without_auth PASSED  [  8%]
tests/test_auth.py::TestRegisterDeviceEndpoint::test_register_device_success PASSED [  9%]
tests/test_auth.py::TestRegisterDeviceEndpoint::test_register_device_invalid_code PASSED [  9%]
tests/test_auth.py::TestPasswordSecurity::test_password_hash_uniqueness PASSED [ 10%]
tests/test_auth.py::TestPasswordSecurity::test_password_verification PASSED [ 11%]
tests/test_business_logic.py::TestPointsCalculationLogic::test_points_per_brl_calculation PASSED [ 11%]
tests/test_business_logic.py::TestPointsCalculationLogic::test_points_per_brl_fractional_rate PASSED [ 12%]
tests/test_business_logic.py::TestPointsCalculationLogic::test_points_calculation_rounding_down PASSED [ 12%]
tests/test_business_logic.py::TestPointsCalculationLogic::test_points_calculation_zero_amount PASSED [ 13%]
tests/test_business_logic.py::TestPointsCalculationLogic::test_points_calculation_small_amount PASSED [ 14%]
tests/test_business_logic.py::TestPointsCalculationLogic::test_points_calculation_large_amount PASSED [ 14%]
tests/test_business_logic.py::TestPointsCalculationLogic::test_points_to_brl_conversion PASSED [ 15%]
tests/test_business_logic.py::TestPointsCalculationLogic::test_points_to_brl_conversion_fractional_result PASSED [ 15%]
tests/test_business_logic.py::TestDiscountCalculationLogic::test_brl_discount_fixed_amount PASSED [ 16%]
tests/test_business_logic.py::TestDiscountCalculationLogic::test_percentage_discount_calculation PASSED [ 16%]
tests/test_business_logic.py::TestDiscountCalculationLogic::test_percentage_discount_various_amounts PASSED [ 17%]
tests/test_business_logic.py::TestDiscountCalculationLogic::test_discount_cannot_exceed_order_total PASSED [ 18%]
tests/test_business_logic.py::TestDiscountCalculationLogic::test_discount_brl_precision PASSED [ 18%]
tests/test_business_logic.py::TestDiscountCalculationLogic::test_free_sku_discount_logic PASSED [ 19%]
tests/test_business_logic.py::TestCouponValidationLogic::test_coupon_status_validation PASSED [ 19%]
tests/test_business_logic.py::TestCouponValidationLogic::test_coupon_time_window_validation PASSED [ 20%]
tests/test_business_logic.py::TestCouponValidationLogic::test_coupon_stock_validation PASSED [ 21%]
tests/test_business_logic.py::TestCouponValidationLogic::test_coupon_max_per_customer_validation PASSED [ 21%]
tests/test_business_logic.py::TestCouponValidationLogic::test_coupon_sku_specific_validation PASSED [ 22%]
tests/test_business_logic.py::TestPointsExpirationLogic::test_points_expiration_calculation PASSED [ 22%]
tests/test_business_logic.py::TestPointsExpirationLogic::test_points_without_expiration PASSED [ 23%]
tests/test_business_logic.py::TestPointsExpirationLogic::test_expired_points_filtering PASSED [ 23%]
tests/test_business_logic.py::TestPointsExpirationLogic::test_points_expiration_edge_case_today PASSED [ 24%]
tests/test_business_logic.py::TestPointRuleHierarchy::test_rule_hierarchy_priority PASSED [ 25%]
tests/test_business_logic.py::TestPointRuleHierarchy::test_rule_fallback_to_franchise PASSED [ 25%]
tests/test_business_logic.py::TestPointRuleHierarchy::test_rule_fallback_to_global PASSED [ 26%]
tests/test_business_logic.py::TestWalletBalanceCalculation::test_wallet_balance_sum_transactions PASSED [ 26%]
tests/test_business_logic.py::TestWalletBalanceCalculation::test_wallet_balance_exclude_expired PASSED [ 27%]
tests/test_business_logic.py::TestWalletBalanceCalculation::test_wallet_balance_by_scope PASSED [ 28%]
tests/test_business_logic.py::TestWalletBalanceCalculation::test_wallet_balance_negative_handling PASSED [ 28%]
tests/test_business_logic.py::TestOrderTotalCalculation::test_order_total_with_items PASSED [ 29%]
tests/test_business_logic.py::TestOrderTotalCalculation::test_order_total_with_tax PASSED [ 29%]
tests/test_business_logic.py::TestOrderTotalCalculation::test_order_total_with_discount PASSED [ 30%]
tests/test_business_logic.py::TestOrderTotalCalculation::test_order_total_complex PASSED [ 30%]
tests/test_business_logic.py::TestBusinessRuleValidations::test_minimum_order_value_validation PASSED [ 31%]
tests/test_business_logic.py::TestBusinessRuleValidations::test_cpf_format_validation PASSED [ 32%]
tests/test_business_logic.py::TestBusinessRuleValidations::test_email_format_validation PASSED [ 32%]
tests/test_business_logic.py::TestBusinessRuleValidations::test_quantity_validation PASSED [ 33%]
tests/test_business_logic.py::TestBusinessRuleValidations::test_percentage_range_validation PASSED [ 33%]
tests/test_offers.py::TestGetOffersEndpoint::test_get_offers_success PASSED [ 34%]
tests/test_offers.py::TestGetOffersEndpoint::test_get_offers_pagination PASSED [ 35%]
tests/test_offers.py::TestGetOffersEndpoint::test_get_offers_filter_by_scope PASSED [ 35%]
tests/test_offers.py::TestGetOffersEndpoint::test_get_offers_filter_by_scope_id PASSED [ 36%]
tests/test_offers.py::TestGetOffersEndpoint::test_get_offers_active_only PASSED [ 36%]
tests/test_offers.py::TestGetOffersEndpoint::test_get_offers_includes_coupon_type PASSED [ 37%]
tests/test_offers.py::TestGetOffersEndpoint::test_get_offers_includes_assets PASSED [ 38%]
tests/test_offers.py::TestGetOfferDetailsEndpoint::test_get_offer_details_success PASSED [ 38%]
tests/test_offers.py::TestGetOfferDetailsEndpoint::test_get_offer_details_not_found PASSED [ 39%]
tests/test_offers.py::TestGetOfferDetailsEndpoint::test_get_offer_details_includes_all_fields PASSED [ 39%]
tests/test_offers.py::TestBuyCouponEndpoint::test_buy_coupon_success PASSED [ 40%]
tests/test_offers.py::TestBuyCouponEndpoint::test_buy_coupon_without_auth PASSED [ 40%]
tests/test_offers.py::TestBuyCouponEndpoint::test_buy_coupon_offer_not_found PASSED [ 41%]
tests/test_offers.py::TestBuyCouponEndpoint::test_buy_coupon_inactive_offer PASSED [ 42%]
tests/test_offers.py::TestBuyCouponEndpoint::test_buy_coupon_offer_not_started PASSED [ 42%]
tests/test_offers.py::TestBuyCouponEndpoint::test_buy_coupon_offer_expired PASSED [ 43%]
tests/test_offers.py::TestBuyCouponEndpoint::test_buy_coupon_out_of_stock PASSED [ 43%]
tests/test_offers.py::TestBuyCouponEndpoint::test_buy_coupon_decrements_stock PASSED [ 44%]
tests/test_offers.py::TestBuyCouponEndpoint::test_buy_coupon_generates_unique_code PASSED [ 45%]
tests/test_offers.py::TestBuyCouponEndpoint::test_buy_coupon_generates_qr_code PASSED [ 45%]
tests/test_offers.py::TestGetMyCouponsEndpoint::test_get_my_coupons_success PASSED [ 46%]
tests/test_offers.py::TestGetMyCouponsEndpoint::test_get_my_coupons_without_auth PASSED [ 46%]
tests/test_offers.py::TestGetMyCouponsEndpoint::test_get_my_coupons_with_issued_coupons PASSED [ 47%]
tests/test_offers.py::TestGetMyCouponsEndpoint::test_get_my_coupons_with_redeemed_coupons PASSED [ 47%]
tests/test_offers.py::TestCouponCodeGeneration::test_generate_coupon_code PASSED [ 48%]
tests/test_offers.py::TestCouponCodeGeneration::test_generate_coupon_code_uniqueness PASSED [ 49%]
tests/test_offers.py::TestCouponCodeGeneration::test_hash_coupon_code PASSED [ 49%]
tests/test_offers.py::TestCouponCodeGeneration::test_hash_coupon_code_consistency PASSED [ 50%]
tests/test_offers.py::TestCouponCodeGeneration::test_verify_coupon_code_valid PASSED [ 50%]
tests/test_offers.py::TestCouponCodeGeneration::test_verify_coupon_code_invalid PASSED [ 51%]
tests/test_offers.py::TestCouponCodeGeneration::test_generate_qr_code PASSED [ 52%]
tests/test_offers.py::TestCouponCodeGeneration::test_generate_qr_code_different_codes PASSED [ 52%]
tests/test_offers.py::TestOfferValidationLogic::test_offer_active_window_validation PASSED [ 53%]
tests/test_offers.py::TestOfferValidationLogic::test_offer_stock_validation PASSED [ 53%]
tests/test_offers.py::TestOfferValidationLogic::test_offer_max_per_customer_validation PASSED [ 54%]
tests/test_pdv.py::TestAttemptCouponEndpoint::test_attempt_coupon_success PASSED [ 54%]
tests/test_pdv.py::TestAttemptCouponEndpoint::test_attempt_coupon_not_found PASSED [ 55%]
tests/test_pdv.py::TestAttemptCouponEndpoint::test_attempt_coupon_brl_discount PASSED [ 56%]
tests/test_pdv.py::TestAttemptCouponEndpoint::test_attempt_coupon_sku_specific PASSED [ 56%]
tests/test_pdv.py::TestRedeemCouponEndpoint::test_redeem_coupon_success PASSED [ 57%]
tests/test_pdv.py::TestRedeemCouponEndpoint::test_redeem_coupon_not_reserved PASSED [ 57%]
tests/test_pdv.py::TestRedeemCouponEndpoint::test_redeem_coupon_not_found PASSED [ 58%]
tests/test_pdv.py::TestRedeemCouponEndpoint::test_redeem_coupon_creates_order PASSED [ 59%]
tests/test_pdv.py::TestEarnPointsEndpoint::test_earn_points_success PASSED [ 59%]
tests/test_pdv.py::TestEarnPointsEndpoint::test_earn_points_by_cpf PASSED [ 60%]
tests/test_pdv.py::TestEarnPointsEndpoint::test_earn_points_person_not_found PASSED [ 60%]
tests/test_pdv.py::TestEarnPointsEndpoint::test_earn_points_store_not_found PASSED [ 61%]
tests/test_pdv.py::TestEarnPointsEndpoint::test_earn_points_no_rule_found PASSED [ 61%]
tests/test_pdv.py::TestEarnPointsEndpoint::test_earn_points_too_small_order PASSED [ 62%]
tests/test_pdv.py::TestEarnPointsEndpoint::test_earn_points_creates_transaction PASSED [ 63%]
tests/test_pdv.py::TestEarnPointsEndpoint::test_earn_points_with_expiration PASSED [ 63%]
tests/test_pdv.py::TestPointsCalculation::test_points_calculation_rounding PASSED [ 64%]
tests/test_pdv.py::TestPointsCalculation::test_discount_percentage_calculation PASSED [ 64%]
tests/test_pdv.py::TestPointsCalculation::test_discount_brl_calculation PASSED [ 65%]
tests/test_pdv.py::TestCouponCodeHashing::test_hash_coupon_code PASSED   [ 66%]
tests/test_pdv.py::TestCouponCodeHashing::test_hash_coupon_code_consistency PASSED [ 66%]
tests/test_pdv.py::TestCouponCodeHashing::test_hash_coupon_code_uniqueness PASSED [ 67%]
tests/test_schemas.py::TestAuthSchemas::test_token_schema_valid PASSED   [ 67%]
tests/test_schemas.py::TestAuthSchemas::test_token_data_schema_valid PASSED [ 68%]
tests/test_schemas.py::TestAuthSchemas::test_token_data_schema_with_optional_fields PASSED [ 69%]
tests/test_schemas.py::TestAuthSchemas::test_user_login_schema_valid PASSED [ 69%]
tests/test_schemas.py::TestAuthSchemas::test_user_login_schema_missing_fields PASSED [ 70%]
tests/test_schemas.py::TestAuthSchemas::test_user_create_schema_valid PASSED [ 70%]
tests/test_schemas.py::TestAuthSchemas::test_user_create_schema_default_role PASSED [ 71%]
tests/test_schemas.py::TestAuthSchemas::test_user_create_schema_optional_phone PASSED [ 71%]
tests/test_schemas.py::TestCouponSchemas::test_buy_coupon_request_valid PASSED [ 72%]
tests/test_schemas.py::TestCouponSchemas::test_buy_coupon_request_invalid_uuid PASSED [ 73%]
tests/test_schemas.py::TestCouponSchemas::test_buy_coupon_response_valid PASSED [ 73%]
tests/test_schemas.py::TestCouponSchemas::test_attempt_coupon_request_valid PASSED [ 74%]
tests/test_schemas.py::TestCouponSchemas::test_attempt_coupon_request_without_items PASSED [ 74%]
tests/test_schemas.py::TestCouponSchemas::test_attempt_coupon_response_valid PASSED [ 75%]
tests/test_schemas.py::TestCouponSchemas::test_attempt_coupon_response_not_redeemable PASSED [ 76%]
tests/test_schemas.py::TestCouponSchemas::test_redeem_coupon_request_valid PASSED [ 76%]
tests/test_schemas.py::TestCouponSchemas::test_redeem_coupon_request_minimal PASSED [ 77%]
tests/test_schemas.py::TestPointsSchemas::test_earn_points_request_with_person_id PASSED [ 77%]
tests/test_schemas.py::TestPointsSchemas::test_earn_points_request_with_cpf PASSED [ 78%]
tests/test_schemas.py::TestPointsSchemas::test_earn_points_request_with_both PASSED [ 78%]
tests/test_schemas.py::TestPointsSchemas::test_earn_points_request_missing_order PASSED [ 79%]
tests/test_schemas.py::TestPointsSchemas::test_earn_points_response_valid PASSED [ 80%]
tests/test_schemas.py::TestWalletSchemas::test_point_balance_valid PASSED [ 80%]
tests/test_schemas.py::TestWalletSchemas::test_point_balance_without_brl PASSED [ 81%]
tests/test_schemas.py::TestWalletSchemas::test_coupon_balance_valid PASSED [ 81%]
tests/test_schemas.py::TestWalletSchemas::test_wallet_response_valid PASSED [ 82%]
tests/test_schemas.py::TestWalletSchemas::test_wallet_response_empty PASSED [ 83%]
tests/test_schemas.py::TestSchemaValidations::test_decimal_field_validation PASSED [ 83%]
tests/test_schemas.py::TestSchemaValidations::test_uuid_field_validation PASSED [ 84%]
tests/test_schemas.py::TestSchemaValidations::test_optional_field_validation PASSED [ 84%]
tests/test_schemas.py::TestSchemaValidations::test_dict_field_validation PASSED [ 85%]
tests/test_schemas.py::TestSchemaValidations::test_list_field_validation PASSED [ 85%]
tests/test_schemas.py::TestSchemaEdgeCases::test_empty_string_fields PASSED [ 86%]
tests/test_schemas.py::TestSchemaEdgeCases::test_zero_values PASSED      [ 87%]
tests/test_schemas.py::TestSchemaEdgeCases::test_negative_values PASSED  [ 87%]
tests/test_schemas.py::TestSchemaEdgeCases::test_very_large_values PASSED [ 88%]
tests/test_wallet.py::TestGetWalletEndpoint::test_get_wallet_success PASSED [ 88%]
tests/test_wallet.py::TestGetWalletEndpoint::test_get_wallet_without_auth PASSED [ 89%]
tests/test_wallet.py::TestGetWalletEndpoint::test_get_wallet_with_points PASSED [ 90%]
tests/test_wallet.py::TestGetWalletEndpoint::test_get_wallet_display_as_points PASSED [ 90%]
tests/test_wallet.py::TestGetWalletEndpoint::test_get_wallet_display_as_brl PASSED [ 91%]
tests/test_wallet.py::TestGetWalletEndpoint::test_get_wallet_user_without_person PASSED [ 91%]
tests/test_wallet.py::TestWalletPointsConversion::test_points_to_brl_conversion_store_rule PASSED [ 92%]
tests/test_wallet.py::TestWalletPointsConversion::test_points_to_brl_conversion_franchise_rule PASSED [ 92%]
tests/test_wallet.py::TestWalletPointsConversion::test_points_to_brl_conversion_customer_rule PASSED [ 93%]
tests/test_wallet.py::TestWalletPointsConversion::test_points_to_brl_conversion_global_rule PASSED [ 94%]
tests/test_wallet.py::TestWalletBalanceCalculation::test_wallet_balance_with_multiple_transactions PASSED [ 94%]
tests/test_wallet.py::TestWalletBalanceCalculation::test_wallet_balance_excluding_expired_points PASSED [ 95%]
tests/test_wallet.py::TestWalletBalanceCalculation::test_wallet_balance_with_null_expiration PASSED [ 95%]
tests/test_wallet.py::TestWalletCoupons::test_wallet_with_coupons PASSED [ 96%]
tests/test_wallet.py::TestWalletCoupons::test_wallet_with_redeemed_coupons PASSED [ 97%]
tests/test_wallet.py::TestWalletScopeHierarchy::test_scope_hierarchy_store_level PASSED [ 97%]
tests/test_wallet.py::TestWalletScopeHierarchy::test_scope_hierarchy_franchise_level PASSED [ 98%]
tests/test_wallet.py::TestWalletScopeHierarchy::test_scope_hierarchy_customer_level PASSED [ 98%]
tests/test_wallet.py::TestWalletEdgeCases::test_wallet_with_zero_balance PASSED [ 99%]
tests/test_wallet.py::TestWalletEdgeCases::test_wallet_with_negative_balance PASSED [100%]

============================ 171 passed in 34.31s =============================
